ERROR : the file provided does not have a .log extension
