/SiteWebIF/Intranet-etudiant.php (6 hits)
/temps/3IF38.html (4 hits)
/temps/3IF39.html (3 hits)
/temps/3IF37.html (3 hits)
/favicon.ico (3 hits)
/temps/choix.gif (2 hits)
/temps/InsaIF.ico (2 hits)
/temps/FondInsa.jpg (2 hits)
/temps/ (2 hits)
/ (2 hits)