/SiteWebIF/Intranet-etudiant.php (11 hits)
/notesif/ (4 hits)
/notesif (4 hits)
/temps/3IF1.ics (3 hits)
/temps/3IF40.html (1 hits)
/temps/3IF39.html (1 hits)
/temps/3IF38.html (1 hits)
/temps/ (1 hits)
/stages/descriptif/MEDIAL.pdf (1 hits)
/stages/Listestage.php (1 hits)
