/SiteWebIF/Intranet-etudiant.php (11 hits)
/notesif/ (4 hits)
/notesif (4 hits)
/temps/3IF1.ics (3 hits)
/cas/themes/insa/media/favicon.ico (2 hits)
/stages/style_pfe.css (1 hits)
/stages/descriptif/MEDIAL.pdf (1 hits)
/stages/bandeauFinal.jpg (1 hits)
/stages/Listestage.php (1 hits)
/stages/InsaIF.ico (1 hits)
